Microchip MPLAB XC8 Compiler V2.32

Linker command line:

-W-3 --edf=C:\Program Files\Microchip\xc8\v2.32\pic\dat\en_msgs.txt -cn \
  -h+dist/default/production\Christmas_Lights_System.X.production.sym \
  --cmf=dist/default/production\Christmas_Lights_System.X.production.cmf -z \
  -Q18F24Q10 -oC:\Users\CRISTI~1\AppData\Local\Temp\xcAsjvc.4 \
  --defsym=__MPLAB_BUILD=1 \
  -Mdist/default/production/Christmas_Lights_System.X.production.map -E1 \
  -ver=XC8 Compiler --acfsm=1493 -ASTACK=060h-04FFh -pstack=STACK \
  -ACODE=00h-03FFFh -ACONST=00h-03FFFh -ASMALLCONST=0500h-05FFhx59 \
  -AMEDIUMCONST=0500h-03FFFh -ACOMRAM=01h-05Fh -AABS1=00h-04FFh \
  -ABIGRAM=01h-04FFh -ARAM=060h-0FFh,0100h-01FFhx4 -ABANK0=060h-0FFh \
  -ABANK1=0100h-01FFh -ABANK2=0200h-02FFh -ABANK3=0300h-03FFh \
  -ABANK4=0400h-04FFh -ASFR=0E88h-0EFFh,0F00h-0F5Fh,0F60h-0FFFh \
  -ACONFIG=0300000h-030000Bh -AIDLOC=0200000h-02000FFh \
  -AEEDATA=0310000h-03100FFh -peeprom_data=EEDATA \
  -preset_vec=00h,intcode,intcodelo,powerup,init -pramtop=0500h \
  -psmallconst=SMALLCONST -pmediumconst=MEDIUMCONST -pconst=CONST \
  -AFARRAM=00h-00h \
  -prdata=COMRAM,nvrram=COMRAM,nvbit=COMRAM,rbss=COMRAM,rbit=COMRAM \
  -pfarbss=FARRAM,fardata=FARRAM,nvFARRAM=FARRAM \
  -pintsave_regs=BIGRAM,bigbss=BIGRAM,bigdata=BIGRAM -pbss=RAM \
  -pidata=CODE,irdata=CODE,ibigdata=CODE,ifardata=CODE -prparam=COMRAM \
  C:\Users\CRISTI~1\AppData\Local\Temp\xcAsjvc.o \
  dist/default/production\Christmas_Lights_System.X.production.o 

Object code version is 3.11

Machine type is 18F24Q10



                Name                               Link     Load   Length Selector   Space Scale
C:\Users\CRISTI~1\AppData\Local\Temp\xcAsjvc.o
                idloc                            200000   200000      100        0       5
                config                           300000   300000        C        0       4
                init                                  0        0        4        0       0
dist/default/production\Christmas_Lights_System.X.production.o
                idloc                            200000   200000      100        0       5
                config                           300000   300000        C        0       4
                text11                             3C94     3C94       D8     1E4A       0
                text10                             3D6C     3D6C      14A     1EB6       0
                text9                              3EB6     3EB6      14A     1F5B       0
                text8                              3BBE     3BBE       2E     1DDF       0
                text7                              3B52     3B52       18     1DA9       0
                text6                              3BEC     3BEC       54     1DF6       0
                text5                              3B84     3B84       1C     1DC2       0
                text4                              3B26     3B26       16     1D93       0
                text3                              3B3C     3B3C       16     1D9E       0
                text2                              3BA0     3BA0       1E     1DD0       0
                text1                              3B6A     3B6A       1A     1DB5       0
                text0                              3C40     3C40       54     1E20       0
                cstackCOMRAM                          1        1        6        1       1
                bssCOMRAM                             7        7        1        1       1
                cinit                              3B1A     3B1A        C     1D8D       0

TOTAL           Name                               Link     Load   Length     Space
        CLASS   STACK          

        CLASS   CODE           
                init                                  0        0        4         0
                text11                             3C94     3C94       D8         0
                text10                             3D6C     3D6C      14A         0
                text9                              3EB6     3EB6      14A         0
                text8                              3BBE     3BBE       2E         0
                text7                              3B52     3B52       18         0
                text6                              3BEC     3BEC       54         0
                text5                              3B84     3B84       1C         0
                text4                              3B26     3B26       16         0
                text3                              3B3C     3B3C       16         0
                text2                              3BA0     3BA0       1E         0
                text1                              3B6A     3B6A       1A         0
                text0                              3C40     3C40       54         0
                cinit                              3B1A     3B1A        C         0

        CLASS   CONST          

        CLASS   SMALLCONST     

        CLASS   MEDIUMCONST    

        CLASS   COMRAM         
                cstackCOMRAM                          1        1        6         1
                bssCOMRAM                             7        7        1         1

        CLASS   ABS1           

        CLASS   BIGRAM         

        CLASS   RAM            

        CLASS   BANK0          

        CLASS   BANK1          

        CLASS   BANK2          

        CLASS   BANK3          

        CLASS   BANK4          

        CLASS   SFR            

        CLASS   CONFIG         
                config                           300000   300000        C         4

        CLASS   IDLOC          
                idloc                            200000   200000      100         5

        CLASS   EEDATA         

        CLASS   FARRAM         



SEGMENTS        Name                           Load    Length   Top    Selector   Space  Class

                reset_vec                      000000  000004  000004         0       0  CODE    
                cstackCOMRAM                   000001  000007  000008         1       1  COMRAM  
                cinit                          003B1A  00000C  003B26      1D8D       0  CODE    
                text4                          003B26  000016  003B3C      1D93       0  CODE    
                text3                          003B3C  000016  003B52      1D9E       0  CODE    
                text7                          003B52  000018  003B6A      1DA9       0  CODE    
                text1                          003B6A  00001A  003B84      1DB5       0  CODE    
                text5                          003B84  00001C  003BA0      1DC2       0  CODE    
                text2                          003BA0  00001E  003BBE      1DD0       0  CODE    
                text8                          003BBE  00002E  003BEC      1DDF       0  CODE    
                text6                          003BEC  000054  003C40      1DF6       0  CODE    
                text0                          003C40  000054  003C94      1E20       0  CODE    
                text11                         003C94  0000D8  003D6C      1E4A       0  CODE    
                text10                         003D6C  00014A  003EB6      1EB6       0  CODE    
                text9                          003EB6  00014A  004000      1F5B       0  CODE    


UNUSED ADDRESS RANGES

        Name                Unused          Largest block    Delta
        BANK0            000060-0000FF               A0
        BANK1            000100-0001FF              100
        BANK2            000200-0002FF              100
        BANK3            000300-0003FF              100
        BANK4            000400-0004FF              100
        BIGRAM           000008-0004FF              4F8
        CODE             000004-003B19             3B16
        COMRAM           000008-00005F               58
        CONST            000004-003B19             3B16
        EEDATA           310000-3100FF              100
        MEDIUMCONST      000500-003B19             361A
        RAM              000060-0004FF              100
        SFR              000E88-000FFF               78
        SMALLCONST       000500-003B19              100
        STACK            000060-0004FF              4A0

                                  Symbol Table

Dio_vGetPinLevel@pin             cstackCOMRAM 000006
Dio_vGetPinLevel@port            cstackCOMRAM 000003
Dio_vGetPinLevel@port_pin        cstackCOMRAM 000004
Dio_vGetPinLevel@returned_value  cstackCOMRAM 000005
Dio_vSetPinDirection@direction   cstackCOMRAM 000001
Dio_vSetPinDirection@pin         cstackCOMRAM 000006
Dio_vSetPinDirection@port        cstackCOMRAM 000004
Dio_vSetPinDirection@port_pin    cstackCOMRAM 000005
Dio_vSetPinLevel@level           cstackCOMRAM 000001
Dio_vSetPinLevel@pin             cstackCOMRAM 000006
Dio_vSetPinLevel@port            cstackCOMRAM 000004
Dio_vSetPinLevel@port_pin        cstackCOMRAM 000005
PWM1_LoadDutyValue@dutyValue     cstackCOMRAM 000001
_ANSELA                          (abs)        000F0C
_ANSELB                          (abs)        000F14
_ANSELC                          (abs)        000F1C
_CCP1CON                         (abs)        000FAB
_CCP1CONbits                     (abs)        000FAB
_CCP2CON                         (abs)        000FA7
_CCP2CONbits                     (abs)        000FA7
_CCPR1H                          (abs)        000FAA
_CCPR1L                          (abs)        000FA9
_CCPR2H                          (abs)        000FA6
_CCPR2L                          (abs)        000FA5
_CCPTMRSbits                     (abs)        000FAD
_Dio_vGetPinLevel                text11       003C94
_Dio_vSetPinDirection            text10       003D6C
_Dio_vSetPinLevel                text9        003EB6
_INLVLA                          (abs)        000F08
_INLVLB                          (abs)        000F10
_INLVLC                          (abs)        000F18
_INLVLE                          (abs)        000F25
_LATA                            (abs)        000F82
_LATB                            (abs)        000F83
_LATC                            (abs)        000F84
_ODCONA                          (abs)        000F0A
_ODCONB                          (abs)        000F12
_ODCONC                          (abs)        000F1A
_OSCCON1                         (abs)        000ED3
_OSCCON3                         (abs)        000ED5
_OSCEN                           (abs)        000ED7
_OSCFRQ                          (abs)        000ED9
_OSCILLATOR_Initialize           text7        003B52
_OSCTUNE                         (abs)        000ED8
_PIN_MANAGER_Initialize          text6        003BEC
_PIR4bits                        (abs)        000EC9
_PMD0                            (abs)        000EDC
_PMD1                            (abs)        000EDD
_PMD2                            (abs)        000EDE
_PMD3                            (abs)        000EDF
_PMD4                            (abs)        000EE0
_PMD5                            (abs)        000EE1
_PMD_Initialize                  text5        003B84
_PORTA                           (abs)        000F8C
_PORTB                           (abs)        000F8D
_PORTC                           (abs)        000F8E
_PR2                             (abs)        000FBB
_PWM1_Initialize                 text4        003B26
_PWM1_LoadDutyValue              text8        003BBE
_PWM2_Initialize                 text3        003B3C
_RC1PPS                          (abs)        000EF3
_RC2PPS                          (abs)        000EF4
_SLRCONA                         (abs)        000F09
_SLRCONB                         (abs)        000F11
_SLRCONC                         (abs)        000F19
_SYSTEM_Initialize               text1        003B6A
_T2CLKCON                        (abs)        000FBE
_T2CON                           (abs)        000FBC
_T2CONbits                       (abs)        000FBC
_T2HLT                           (abs)        000FBD
_T2HLTbits                       (abs)        000FBD
_T2PR                            (abs)        000FBB
_T2RST                           (abs)        000FBF
_T2RSTbits                       (abs)        000FBF
_T2TMR                           (abs)        000FBA
_TMR2                            (abs)        000FBA
_TMR2_Initialize                 text2        003BA0
_TRISA                           (abs)        000F87
_TRISB                           (abs)        000F88
_TRISC                           (abs)        000F89
_WPUA                            (abs)        000F0B
_WPUB                            (abs)        000F13
_WPUC                            (abs)        000F1B
_WPUE                            (abs)        000F28
__HRAM                           (abs)        000000
__Habs1                          abs1         000000
__Hbank0                         bank0        000000
__Hbank1                         bank1        000000
__Hbank2                         bank2        000000
__Hbank3                         bank3        000000
__Hbank4                         bank4        000000
__Hbigbss                        bigbss       000000
__Hbigdata                       bigdata      000000
__Hbigram                        bigram       000000
__Hbss                           bss          000000
__HbssCOMRAM                     bssCOMRAM    000000
__Hcinit                         cinit        000000
__Hclrtext                       clrtext      000000
__Hcomram                        comram       000000
__Hconfig                        config       30000C
__Hconst                         const        000000
__HcstackCOMRAM                  cstackCOMRAM 000000
__Hdata                          data         000000
__Heeprom_data                   eeprom_data  000000
__Hfarbss                        farbss       000000
__Hfardata                       fardata      000000
__Hibigdata                      ibigdata     000000
__Hidata                         idata        000000
__Hidloc                         idloc        200100
__Hifardata                      ifardata     000000
__Hinit                          init         000004
__Hintcode                       intcode      000000
__Hintcode_body                  intcode_body 000000
__Hintcodelo                     intcodelo    000000
__Hintentry                      intentry     000000
__Hintret                        intret       000000
__Hintsave_regs                  intsave_regs 000000
__Hirdata                        irdata       000000
__Hmediumconst                   mediumconst  000000
__HnvFARRAM                      nvFARRAM     000000
__Hnvbit                         nvbit        000000
__Hnvrram                        nvrram       000000
__Hparam                         rparam       000000
__Hpowerup                       powerup      000000
__Hram                           ram          000000
__Hramtop                        ramtop       000500
__Hrbit                          rbit         000000
__Hrbss                          rbss         000000
__Hrdata                         rdata        000000
__Hreset_vec                     reset_vec    000000
__Hrparam                        rparam       000000
__Hsfr                           sfr          000000
__Hsmallconst                    smallconst   000000
__Hspace_0                       (abs)        004000
__Hspace_1                       (abs)        000008
__Hspace_2                       (abs)        000000
__Hspace_4                       (abs)        60000C
__Hstack                         stack        000000
__Hstruct                        struct       000000
__Htemp                          temp         000000
__Htext                          text         000000
__Htext0                         text0        000000
__Htext1                         text1        000000
__Htext10                        text10       000000
__Htext11                        text11       000000
__Htext2                         text2        000000
__Htext3                         text3        000000
__Htext4                         text4        000000
__Htext5                         text5        000000
__Htext6                         text6        000000
__Htext7                         text7        000000
__Htext8                         text8        000000
__Htext9                         text9        000000
__LRAM                           (abs)        000001
__Labs1                          abs1         000000
__Lbank0                         bank0        000000
__Lbank1                         bank1        000000
__Lbank2                         bank2        000000
__Lbank3                         bank3        000000
__Lbank4                         bank4        000000
__Lbigbss                        bigbss       000000
__Lbigdata                       bigdata      000000
__Lbigram                        bigram       000000
__Lbss                           bss          000000
__LbssCOMRAM                     bssCOMRAM    000000
__Lcinit                         cinit        000000
__Lclrtext                       clrtext      000000
__Lcomram                        comram       000000
__Lconfig                        config       000000
__Lconst                         const        000000
__LcstackCOMRAM                  cstackCOMRAM 000000
__Ldata                          data         000000
__Leeprom_data                   eeprom_data  000000
__Lfarbss                        farbss       000000
__Lfardata                       fardata      000000
__Libigdata                      ibigdata     000000
__Lidata                         idata        000000
__Lidloc                         idloc        000000
__Lifardata                      ifardata     000000
__Linit                          init         000000
__Lintcode                       intcode      000000
__Lintcode_body                  intcode_body 000000
__Lintcodelo                     intcodelo    000000
__Lintentry                      intentry     000000
__Lintret                        intret       000000
__Lintsave_regs                  intsave_regs 000000
__Lirdata                        irdata       000000
__Lmediumconst                   mediumconst  000000
__LnvFARRAM                      nvFARRAM     000000
__Lnvbit                         nvbit        000000
__Lnvrram                        nvrram       000000
__Lparam                         rparam       000000
__Lpowerup                       powerup      000000
__Lram                           ram          000000
__Lramtop                        ramtop       000500
__Lrbit                          rbit         000000
__Lrbss                          rbss         000000
__Lrdata                         rdata        000000
__Lreset_vec                     reset_vec    000000
__Lrparam                        rparam       000000
__Lsfr                           sfr          000000
__Lsmallconst                    smallconst   000000
__Lspace_0                       (abs)        000000
__Lspace_1                       (abs)        000000
__Lspace_2                       (abs)        000000
__Lspace_4                       (abs)        000000
__Lstack                         stack        000000
__Lstruct                        struct       000000
__Ltemp                          temp         000000
__Ltext                          text         000000
__Ltext0                         text0        000000
__Ltext1                         text1        000000
__Ltext10                        text10       000000
__Ltext11                        text11       000000
__Ltext2                         text2        000000
__Ltext3                         text3        000000
__Ltext4                         text4        000000
__Ltext5                         text5        000000
__Ltext6                         text6        000000
__Ltext7                         text7        000000
__Ltext8                         text8        000000
__Ltext9                         text9        000000
__S0                             (abs)        004000
__S1                             (abs)        000008
__S2                             (abs)        000000
__S4                             (abs)        000000
__S5                             (abs)        000000
___inthi_sp                      stack        000000
___intlo_sp                      stack        000000
___param_bank                    (abs)        000000
___rparam_used                   (abs)        000001
___sp                            stack        000000
__accesstop                      (abs)        000060
__activetblptr                   (abs)        000002
__end_of_Dio_vGetPinLevel        text11       003D6C
__end_of_Dio_vSetPinDirection    text10       003EB6
__end_of_Dio_vSetPinLevel        text9        004000
__end_of_OSCILLATOR_Initialize   text7        003B6A
__end_of_PIN_MANAGER_Initialize  text6        003C40
__end_of_PMD_Initialize          text5        003BA0
__end_of_PWM1_Initialize         text4        003B3C
__end_of_PWM1_LoadDutyValue      text8        003BEC
__end_of_PWM2_Initialize         text3        003B52
__end_of_SYSTEM_Initialize       text1        003B84
__end_of_TMR2_Initialize         text2        003BBE
__end_of__initialization         cinit        003B1C
__end_of_main                    text0        003C94
__initialization                 cinit        003B1A
__mediumconst                    mediumconst  000000
__pbssCOMRAM                     bssCOMRAM    000007
__pcinit                         cinit        003B1A
__pcstackCOMRAM                  cstackCOMRAM 000001
__ptext0                         text0        003C40
__ptext1                         text1        003B6A
__ptext10                        text10       003D6C
__ptext11                        text11       003C94
__ptext2                         text2        003BA0
__ptext3                         text3        003B3C
__ptext4                         text4        003B26
__ptext5                         text5        003B84
__ptext6                         text6        003BEC
__ptext7                         text7        003B52
__ptext8                         text8        003BBE
__ptext9                         text9        003EB6
__ramtop                         ramtop       000500
__size_of_Dio_vGetPinLevel       (abs)        000000
__size_of_Dio_vSetPinDirection   (abs)        000000
__size_of_Dio_vSetPinLevel       (abs)        000000
__size_of_OSCILLATOR_Initialize  (abs)        000000
__size_of_PIN_MANAGER_Initialize (abs)        000000
__size_of_PMD_Initialize         (abs)        000000
__size_of_PWM1_Initialize        (abs)        000000
__size_of_PWM1_LoadDutyValue     (abs)        000000
__size_of_PWM2_Initialize        (abs)        000000
__size_of_SYSTEM_Initialize      (abs)        000000
__size_of_TMR2_Initialize        (abs)        000000
__size_of_main                   (abs)        000000
__smallconst                     smallconst   000000
_main                            text0        003C40
_read_value_C3                   bssCOMRAM    000007
end_of_initialization            cinit        003B1C
intlevel0                        text         000000
intlevel1                        text         000000
intlevel2                        text         000000
intlevel3                        text         000000
isa$std                          (abs)        000001
isa$xinst                        (abs)        000000
stackhi                          (abs)        0004FF
stacklo                          (abs)        000060
start                            init         000000
start_initialization             cinit        003B1A


MODULE INFORMATION

Module		Function		Class		Link	Load	Size
mcc_generated_files/tmr2.c
		_TMR2_Initialize		CODE           	3BA0	0000	30

mcc_generated_files/tmr2.c estimated size: 30

mcc_generated_files/pwm2.c
		_PWM2_Initialize		CODE           	3B3C	0000	22

mcc_generated_files/pwm2.c estimated size: 22

mcc_generated_files/pin_manager.c
		_PIN_MANAGER_Initialize		CODE           	3BEC	0000	84

mcc_generated_files/pin_manager.c estimated size: 84

DIO/dio.c
		_Dio_vSetPinDirection		CODE           	3D6C	0000	330
		_Dio_vGetPinLevel		CODE           	3C94	0000	216
		_Dio_vSetPinLevel		CODE           	3EB6	0000	330

DIO/dio.c estimated size: 876

shared
		__initialization		CODE           	3B1A	0000	2

shared estimated size: 2

mcc_generated_files/mcc.c
		_PMD_Initialize		CODE           	3B84	0000	28
		_OSCILLATOR_Initialize		CODE           	3B52	0000	24
		_SYSTEM_Initialize		CODE           	3B6A	0000	26

mcc_generated_files/mcc.c estimated size: 78

mcc_generated_files/pwm1.c
		_PWM1_Initialize		CODE           	3B26	0000	22
		_PWM1_LoadDutyValue		CODE           	3BBE	0000	46

mcc_generated_files/pwm1.c estimated size: 68

main.c
		_main          		CODE           	3C40	0000	84

main.c estimated size: 84

